7fd2789be480 e2 getCPUIDNameInfo_stub
7fd2789beeee 92 _linkToInterface
7fd2789beebf 2f _linkToSpecial
7fd2789beea0 1f _linkToStatic
7fd2789bee56 4a _linkToVirtual
7fd2789bee01 55 _invokeBasic
7fd2789bee00 1 _invokeGeneric
7fd2789b7700 17a vectorizedMismatch
7fd2789b7600 fa mulAdd
7fd2789b74c0 12d squareToLen
7fd2789b72a0 219 multiplyToLen
7fd2789b7282 7 SafeFetchN
7fd2789b727c 6 SafeFetch32
7fd2789b7140 13c ghash_processBlocks
7fd2789b7120 10 ghash_byte_swap_mask
7fd2789b7100 10 ghash_long_swap_mask
7fd2789b5f00 11f1 counterMode_AESCrypt
7fd2789b5ef0 10 counter_shuffle_mask
7fd2789b5720 7c9 cipherBlockChaining_decryptAESCrypt
7fd2789b54e0 228 cipherBlockChaining_encryptAESCrypt
7fd2789b53c0 11a aescrypt_decryptBlock
7fd2789b52a0 11a aescrypt_encryptBlock
7fd2789b5280 10 key_shuffle_mask
7fd2789b5200 7f arrayof_jint_fill
7fd2789b5160 8e arrayof_jshort_fill
7fd2789b50a0 ad arrayof_jbyte_fill
7fd2789b5020 7f jint_fill
7fd2789b4f60 ae jshort_fill
7fd2789b4e80 cd jbyte_fill
7fd2789b4c7b 1f5 generic_arraycopy
7fd2789b4c40 3b unsafe_arraycopy
7fd2789b4aa0 185 checkcast_arraycopy_uninit
7fd2789b4820 265 checkcast_arraycopy
7fd2789b46a0 16a oop_arraycopy_uninit
7fd2789b4540 15b oop_disjoint_arraycopy_uninit
7fd2789b42e0 24a oop_arraycopy
7fd2789b40a0 22b oop_disjoint_arraycopy
7fd2789b4020 7a jlong_arraycopy
7fd2789b3fa0 6a jlong_disjoint_arraycopy
7fd2789b3f00 9a jint_arraycopy
7fd2789b3e60 84 jint_disjoint_arraycopy
7fd2789b3da0 aa jshort_arraycopy
7fd2789b3d00 94 jshort_disjoint_arraycopy
7fd2789b3c40 ba jbyte_arraycopy
7fd2789b3b80 a8 jbyte_disjoint_arraycopy
7fd2789b3a30 14c verify_oop
7fd2789b3a20 10 double_sign_flip
7fd2789b3a00 10 double_sign_mask
7fd2789b39e0 10 float_sign_flip
7fd2789b39c0 10 float_sign_mask
7fd2789b394b 5a d2l_fixup
7fd2789b38fb 50 d2i_fixup
7fd2789b38b8 43 f2l_fixup
7fd2789b3880 38 f2i_fixup
7fd278981475 850 libmTan
7fd278980dfc 679 libmCos
7fd278980765 697 libmSin
7fd27897f651 1114 libmPow
7fd27897f3a2 2af libmLog10
7fd27897f126 27c libmLog
7fd27897edf9 32d libmExp
7fd27897eba0 259 updateBytesCRC32C
7fd27897e940 259 updateBytesCRC32
7fd27897e923 1 verify_mxcsr
7fd27897e91b 8 get_previous_sp
7fd27897e90e d get_previous_fp
7fd27897e907 7 orderaccess_fence
7fd27897e8fb c atomic_add_long
7fd27897e8f2 9 atomic_add
7fd27897e8e9 9 atomic_cmpxchg_long
7fd27897e8df a atomic_cmpxchg_byte
7fd27897e8d8 7 atomic_cmpxchg
7fd27897e8d1 7 atomic_xchg_long
7fd27897e8cc 5 atomic_xchg
7fd27897e8ad 1f catch_exception
7fd27897e7bf ee call_stub
7fd27897e780 3f forward exception
7fd27897e280 380 get_cpu_info_stub
7fd27897e080 1d flush_icache_stub
7fd278a6f3f0 ab itable stub
7fd278a6f3c0 1e vtable stub
7fd278a6f390 1e vtable stub
7fd278a6f500 1e vtable stub
7fd278a6f360 1e vtable stub
7fd278a6f310 1e vtable stub
7fd278985d80 1c0 wrong_method_stub
7fd278986100 78 StackOverflowError throw_exception
7fd278986300 78 delayed StackOverflowError throw_exception
7fd278986500 1de80 Interpreter
7fd2789a4400 3d8 SafepointBlob
7fd2789a4980 1c0 wrong_method_abstract_stub
7fd2789a4c00 1c0 ic_miss_stub
7fd2789a4e80 1c0 resolve_opt_virtual_call
7fd2789a5100 1c0 resolve_virtual_call
7fd2789a5380 1c0 resolve_static_call
7fd2789a5600 180 I2C/C2I adapters
7fd2789a5980 178 I2C/C2I adapters
7fd2789a5b80 170 I2C/C2I adapters
7fd2789a5d80 160 I2C/C2I adapters
7fd2789a5f80 1c8 SafepointBlob
7fd2789a6200 188 SafepointBlob
7fd2789a64a0 328 DeoptimizationBlob
7fd2789a6880 110 UncommonTrapBlob
7fd2789a6a80 2800 InlineCacheBuffer
7fd2789a9300 4000 adapters
7fd2789ad380 178 I2C/C2I adapters
7fd2789ad580 198 I2C/C2I adapters
7fd2789ad800 170 I2C/C2I adapters
7fd2789ada00 180 I2C/C2I adapters
7fd2789adc00 190 I2C/C2I adapters
7fd2789ade80 180 I2C/C2I adapters
7fd2789ae080 188 I2C/C2I adapters
7fd2789ae300 1b0 I2C/C2I adapters
7fd2789ae580 190 I2C/C2I adapters
7fd2789ae800 180 I2C/C2I adapters
7fd2789aea00 170 I2C/C2I adapters
7fd2789aec00 170 I2C/C2I adapters
7fd2789aee00 168 I2C/C2I adapters
7fd2789af000 190 I2C/C2I adapters
7fd2789af280 1b0 I2C/C2I adapters
7fd2789af500 200 I2C/C2I adapters
7fd2789af780 180 I2C/C2I adapters
7fd2789af980 1b8 I2C/C2I adapters
7fd2789afc00 188 I2C/C2I adapters
7fd2789afe80 188 I2C/C2I adapters
7fd2789b0100 188 I2C/C2I adapters
7fd2789b0380 188 I2C/C2I adapters
7fd2789b0600 188 I2C/C2I adapters
7fd2789b0880 198 I2C/C2I adapters
7fd2789b0b00 198 I2C/C2I adapters
7fd2789b0d80 1b0 I2C/C2I adapters
7fd2789b1000 190 I2C/C2I adapters
7fd2789b1280 198 I2C/C2I adapters
7fd2789b1500 188 I2C/C2I adapters
7fd2789b1780 188 I2C/C2I adapters
7fd2789b1a00 180 I2C/C2I adapters
7fd2789b1c00 180 I2C/C2I adapters
7fd2789b1e00 190 I2C/C2I adapters
7fd2789b2080 190 I2C/C2I adapters
7fd2789b2300 180 I2C/C2I adapters
7fd2789b2500 180 I2C/C2I adapters
7fd2789b2700 198 I2C/C2I adapters
7fd2789b2980 188 I2C/C2I adapters
7fd2789b2c00 1d8 I2C/C2I adapters
7fd2789b2e80 190 I2C/C2I adapters
7fd2789b3100 198 I2C/C2I adapters
7fd2789b3380 198 I2C/C2I adapters
7fd2789b3600 198 I2C/C2I adapters
7fd2789be800 78 AbstractMethodError throw_exception
7fd2789bea00 78 IncompatibleClassChangeError throw_exception
7fd2789bec00 78 NullPointerException at call throw_exception
7fd2789c6b80 178 I2C/C2I adapters
7fd2789c6d80 178 I2C/C2I adapters
7fd2789c6f80 190 I2C/C2I adapters
7fd2789c7200 190 I2C/C2I adapters
7fd2789c7480 190 I2C/C2I adapters
7fd2789c7700 170 I2C/C2I adapters
7fd2789c7900 170 I2C/C2I adapters
7fd2789c7b00 170 I2C/C2I adapters
7fd2789c7d00 190 I2C/C2I adapters
7fd2789c7f80 190 I2C/C2I adapters
7fd2789c8200 8000 native signature handlers
7fd2789d0280 400 Signature Handler Temp Buffer
7fd2789d0700 180 I2C/C2I adapters
7fd2789d0900 188 I2C/C2I adapters
7fd2789d0b80 190 I2C/C2I adapters
7fd2789d0e00 188 I2C/C2I adapters
7fd2789d1080 180 I2C/C2I adapters
7fd2789d1280 170 I2C/C2I adapters
7fd2789d1480 190 I2C/C2I adapters
7fd2789d1700 198 I2C/C2I adapters
7fd2789d1980 1b0 I2C/C2I adapters
7fd2789d1c00 190 I2C/C2I adapters
7fd2789d1e80 1c0 I2C/C2I adapters
7fd2789d2100 1e8 I2C/C2I adapters
7fd2789d2380 1b0 I2C/C2I adapters
7fd2789d2600 190 I2C/C2I adapters
7fd2789d2880 190 I2C/C2I adapters
7fd2789d2b00 218 I2C/C2I adapters
7fd2789d2e00 180 I2C/C2I adapters
7fd2789d3000 188 I2C/C2I adapters
7fd2789d3280 250 I2C/C2I adapters
7fd2789d3580 280 I2C/C2I adapters
7fd2789d3880 2b8 I2C/C2I adapters
7fd2789d3c00 2f0 I2C/C2I adapters
7fd2789d3f80 218 I2C/C2I adapters
7fd2789d4280 198 I2C/C2I adapters
7fd2789d4500 190 I2C/C2I adapters
7fd2789d4780 190 I2C/C2I adapters
7fd2789d4a00 190 I2C/C2I adapters
7fd2789d4c80 180 I2C/C2I adapters
7fd2789d4e80 188 I2C/C2I adapters
7fd2789d5100 180 I2C/C2I adapters
7fd2789d5300 190 I2C/C2I adapters
7fd2789d5580 178 I2C/C2I adapters
7fd2789d5780 1c0 I2C/C2I adapters
7fd2789d5a00 1d8 I2C/C2I adapters
7fd2789d5c80 190 I2C/C2I adapters
7fd2789d5f00 188 I2C/C2I adapters
7fd2789d6180 170 I2C/C2I adapters
7fd2789d6380 180 I2C/C2I adapters
7fd2789d6580 198 I2C/C2I adapters
7fd2789d6800 178 I2C/C2I adapters
7fd2789d6a00 178 I2C/C2I adapters
7fd2789d6c00 178 I2C/C2I adapters
7fd2789d6e00 178 I2C/C2I adapters
7fd2789d7000 178 I2C/C2I adapters
7fd2789d7200 178 I2C/C2I adapters
7fd2789d7400 188 I2C/C2I adapters
7fd2789d7680 188 I2C/C2I adapters
7fd2789d7900 178 I2C/C2I adapters
7fd2789d7b00 178 I2C/C2I adapters
7fd2789d7d00 188 I2C/C2I adapters
7fd2789d7f80 188 I2C/C2I adapters
7fd2789d8200 188 I2C/C2I adapters
7fd2789d8480 198 I2C/C2I adapters
7fd2789d8700 188 I2C/C2I adapters
7fd2789d8980 188 I2C/C2I adapters
7fd2789d8c00 180 I2C/C2I adapters
7fd2789d8e00 180 I2C/C2I adapters
7fd2789d9000 1a8 I2C/C2I adapters
7fd2789d9280 190 I2C/C2I adapters
7fd2789d9500 1a8 I2C/C2I adapters
7fd2789d9780 188 I2C/C2I adapters
7fd2789d9a00 1a8 I2C/C2I adapters
7fd2789d9c80 f0 jni_fast_GetBooleanField
7fd2789d9e80 f0 jni_fast_GetByteField
7fd2789da080 f0 jni_fast_GetCharField
7fd2789da280 f0 jni_fast_GetShortField
7fd2789da480 f0 jni_fast_GetIntField
7fd2789da680 f0 jni_fast_GetLongField
7fd2789da880 f0 jni_fast_GetFloatField
7fd2789daa80 f0 jni_fast_GetDoubleField
7fd2789dac80 70 _multianewarrayN_Java
7fd2789dae80 90 _multianewarray5_Java
7fd2789db000 78 _multianewarray4_Java
7fd2789db100 78 _multianewarray3_Java
7fd2789db200 70 _multianewarray2_Java
7fd2789db300 70 _new_array_nozero_Java
7fd2789db400 70 _new_array_Java
7fd2789db500 70 _new_instance_Java
7fd2789db600 90 ExceptionBlob
7fd2789db800 a0 handle_exception_from_callee Runtime1 stub
7fd2789dbb00 200 handle_exception Runtime1 stub
7fd2789dbd80 138 handle_exception_nofpu Runtime1 stub
7fd2789dbf80 218 new_multi_array Runtime1 stub
7fd2789dc280 218 new_object_array Runtime1 stub
7fd2789dc580 218 new_type_array Runtime1 stub
7fd2789dc880 210 fast_new_instance_init_check Runtime1 stub
7fd2789dcb80 210 fast_new_instance Runtime1 stub
7fd2789dce80 210 new_instance Runtime1 stub
7fd2789dd180 218 register_finalizer Runtime1 stub
7fd2789dd4a0 1a8 throw_null_pointer_exception Runtime1 stub
7fd2789dd720 1a8 throw_div0_exception Runtime1 stub
7fd2789dd9a0 1b0 throw_index_exception Runtime1 stub
7fd2789ddc20 1b0 throw_range_check_failed Runtime1 stub
7fd2789ddea0 1e8 forward_exception Runtime1 stub
7fd2789de180 40 unwind_exception Runtime1 stub
7fd2789de280 190 dtrace_object_alloc Runtime1 stub
7fd2789de500 60 _complete_monitor_locking_Java
7fd2789de700 60 _monitor_notify_Java
7fd2789de900 8ccd0 C1 temporary CodeBuffer
7fd278a6b680 3a0 load_klass_patching Runtime1 stub
7fd278a6bb80 3a0 access_field_patching Runtime1 stub
7fd278a6c000 1f8 deoptimize Runtime1 stub
7fd278a6c280 128 monitorexit_nofpu Runtime1 stub
7fd278a6c480 1f0 monitorexit Runtime1 stub
7fd278a6c700 130 monitorenter_nofpu Runtime1 stub
7fd278a6c900 1f8 monitorenter Runtime1 stub
7fd278a6cba0 1b0 throw_array_store_exception Runtime1 stub
7fd278a6ce00 90 _rethrow_Java
7fd278a6d100 208 g1_post_barrier_slow
7fd278a6d400 1e8 g1_pre_barrier_slow
7fd278a6d680 1f0 predicate_failed_trap Runtime1 stub
7fd278a6d900 1f8 counter_overflow Runtime1 stub
7fd278a6db80 b8 fpu2long_stub Runtime1 stub
7fd278a6dd00 3a0 load_appendix_patching Runtime1 stub
7fd278a6e180 3a0 load_mirror_patching Runtime1 stub
7fd278a6e620 1b0 throw_class_cast_exception Runtime1 stub
7fd278a6e8a0 1a8 throw_incompatible_class_change_error Runtime1 stub
7fd278a6eb00 50 slow_subtype_check Runtime1 stub
7fd278a6ed00 60 _monitor_notifyAll_Java
7fd278a6ef00 198 I2C/C2I adapters
7fd278a6fe00 198 I2C/C2I adapters
7fd278a70080 1d8 I2C/C2I adapters
7fd278a70300 1c0 I2C/C2I adapters
7fd278a70580 1e8 I2C/C2I adapters
7fd278a70800 180 I2C/C2I adapters
7fd278a70a00 218 I2C/C2I adapters
7fd278a70d00 230 I2C/C2I adapters
7fd278a71000 1b0 I2C/C2I adapters
7fd278a71280 1b0 I2C/C2I adapters
7fd278a71500 1c0 I2C/C2I adapters
7fd278a71780 198 I2C/C2I adapters
7fd278a71a00 178 I2C/C2I adapters
7fd278a71c00 68 _slow_arraycopy_Java
7fd278a71e00 60 _register_finalizer_Java
7fd278a72000 180 I2C/C2I adapters
7fd278a72380 180 I2C/C2I adapters
7fd278a72580 180 I2C/C2I adapters
7fd278a72780 180 I2C/C2I adapters
7fd278a72980 178 I2C/C2I adapters
7fd278a72b80 178 I2C/C2I adapters
7fd278a72d80 178 I2C/C2I adapters
7fd278a72f80 190 I2C/C2I adapters
7fd278a73200 178 I2C/C2I adapters
7fd278a73400 190 I2C/C2I adapters
7fd278a73680 180 I2C/C2I adapters
7fd278a73880 180 I2C/C2I adapters
7fd278a73a80 180 I2C/C2I adapters
7fd278a73c80 1b0 I2C/C2I adapters
7fd278a73f00 1e8 I2C/C2I adapters
7fd278a74180 1c0 I2C/C2I adapters
7fd278a74400 1d8 I2C/C2I adapters
7fd278a74680 190 I2C/C2I adapters
7fd278a74900 198 I2C/C2I adapters
7fd278a74b80 1d8 I2C/C2I adapters
7fd278a74e00 198 I2C/C2I adapters
7fd278a75080 190 I2C/C2I adapters
7fd278a75300 198 I2C/C2I adapters
7fd278a75580 190 I2C/C2I adapters
7fd278a75800 198 I2C/C2I adapters
7fd278a75a80 190 I2C/C2I adapters
7fd278a75d00 198 I2C/C2I adapters
7fd278a75f80 190 I2C/C2I adapters
7fd278a76200 198 I2C/C2I adapters
7fd278a76480 1b0 I2C/C2I adapters
7fd278a76700 198 I2C/C2I adapters
7fd278a76980 1a8 I2C/C2I adapters
7fd278a76c00 198 I2C/C2I adapters
7fd278a76e80 188 I2C/C2I adapters
7fd278a77100 188 I2C/C2I adapters
7fd278a77380 190 I2C/C2I adapters
7fd278a77600 198 I2C/C2I adapters
7fd278a77880 190 I2C/C2I adapters
7fd278a77b00 180 I2C/C2I adapters
7fd278a77d00 180 I2C/C2I adapters
7fd278a77f00 190 I2C/C2I adapters
7fd278a78180 190 I2C/C2I adapters
7fd278a78400 188 I2C/C2I adapters
7fd278a78680 180 I2C/C2I adapters
7fd278a78880 188 I2C/C2I adapters
7fd278a78b00 180 I2C/C2I adapters
7fd278a78d00 188 I2C/C2I adapters
7fd278a78f80 198 I2C/C2I adapters
7fd278a79200 188 I2C/C2I adapters
7fd278a79480 188 I2C/C2I adapters
7fd278a79700 190 I2C/C2I adapters
7fd278a79980 180 I2C/C2I adapters
7fd278a79b80 1e8 I2C/C2I adapters
7fd278a79e00 198 I2C/C2I adapters
7fd278a7a080 190 I2C/C2I adapters
7fd278a7a300 190 I2C/C2I adapters
7fd278a7a580 198 I2C/C2I adapters
7fd278a7a800 198 I2C/C2I adapters
7fd278a7aa80 190 I2C/C2I adapters
7fd278a7ad00 198 I2C/C2I adapters
7fd278a7af80 1b0 I2C/C2I adapters
7fd278a7b200 1b0 I2C/C2I adapters
7fd278a7b480 1c0 I2C/C2I adapters
7fd278a7b700 180 I2C/C2I adapters
7fd278a7b900 188 I2C/C2I adapters
7fd278a7bb80 198 I2C/C2I adapters
7fd278a7be00 230 I2C/C2I adapters
7fd278a7c280 250 I2C/C2I adapters
7fd278a7c580 268 I2C/C2I adapters
7fd278a7c880 190 I2C/C2I adapters
7fd278a7cb00 1e8 I2C/C2I adapters
7fd278a7cd80 218 I2C/C2I adapters
7fd278a7d080 200 I2C/C2I adapters
7fd278a7d300 180 I2C/C2I adapters
7fd278a7d500 180 I2C/C2I adapters
7fd278a7d700 198 I2C/C2I adapters
7fd278a7d980 1b0 I2C/C2I adapters
7fd278a7dc00 198 I2C/C2I adapters
7fd278a7de80 198 I2C/C2I adapters
7fd278a7e100 1b0 I2C/C2I adapters
7fd278a7e380 190 I2C/C2I adapters
7fd278a7e600 1a8 I2C/C2I adapters
7fd278a7e880 1b0 I2C/C2I adapters
7fd278a7eb00 180 I2C/C2I adapters
7fd278a7ed00 1c0 I2C/C2I adapters
7fd278a7ef80 1b0 I2C/C2I adapters
7fd278a7f200 1c0 I2C/C2I adapters
7fd278a7f480 198 I2C/C2I adapters
7fd278a7f700 198 I2C/C2I adapters
7fd278a7f980 1b0 I2C/C2I adapters
7fd278a7fc00 1e8 I2C/C2I adapters
7fd278a7fe80 1e0 I2C/C2I adapters
7fd278a80100 1b0 I2C/C2I adapters
7fd278a80380 268 I2C/C2I adapters
7fd278a80680 280 I2C/C2I adapters
7fd278a80980 280 I2C/C2I adapters
7fd278a80c80 200 I2C/C2I adapters
7fd278a80f00 200 I2C/C2I adapters
7fd278a81180 218 I2C/C2I adapters
7fd278a81480 230 I2C/C2I adapters
7fd278a81780 230 I2C/C2I adapters
7fd278a81a80 198 I2C/C2I adapters
7fd278a81d00 188 I2C/C2I adapters
7fd278a81f80 188 I2C/C2I adapters
7fd278a82200 188 I2C/C2I adapters
7fd278a82480 198 I2C/C2I adapters
7fd278a82700 188 I2C/C2I adapters
7fd278a82980 1b0 I2C/C2I adapters
7fd278a84d80 1c0 I2C/C2I adapters
7fd278a85000 1b0 I2C/C2I adapters
7fd278a85280 198 I2C/C2I adapters
7fd278a85500 190 I2C/C2I adapters
7fd278a85780 188 I2C/C2I adapters
7fd278a85a00 188 I2C/C2I adapters
7fd2804461c0 80 Ljava/util/Collections$EmptySet;::hashCode
7fd280446520 180 Ljava/lang/StringLatin1;::hashCode
7fd280446940 80 Ljava/lang/Object;::<init>
7fd280446cc0 80 Ljava/lang/module/ModuleDescriptor;::name
7fd280447040 80 Ljava/lang/module/ModuleReference;::descriptor
7fd2804473c0 80 Ljava/util/KeyValueHolder;::getKey
7fd280447740 80 Ljava/util/KeyValueHolder;::getValue
7fd280447ac0 238 Ljdk/internal/misc/Unsafe;::compareAndSetObject
7fd280447ec0 210 Ljdk/internal/misc/Unsafe;::compareAndSetLong
7fd2804482c0 80 Ljava/util/ImmutableCollections$SetN;::size
7fd280448640 80 Ljava/lang/module/ResolvedModule;::reference
7fd2804489c0 210 Ljava/lang/Object;::hashCode
7fd280448da0 60 Ljava/util/ImmutableCollections$SetN$SetNIterator;::hasNext
7fd280449040 80 Ljava/lang/module/ModuleDescriptor$Exports;::source
7fd2804493c0 80 Ljava/util/Collections$EmptySet;::isEmpty
7fd280449740 80 Ljava/lang/module/ModuleDescriptor;::isAutomatic
7fd280449ac0 80 Ljava/lang/module/ResolvedModule;::configuration
7fd280449e40 80 Ljava/util/HashMap;::afterNodeInsertion
7fd28044a1c0 80 Ljava/lang/module/ModuleDescriptor;::isOpen
7fd28044a520 220 Ljava/lang/String;::hashCode
7fd28044aa40 80 Ljava/lang/Module;::getDescriptor
7fd28044ada0 80 Ljava/util/ImmutableCollections$SetN$SetNIterator;::nextIndex
7fd28044b0a0 20 Ljava/lang/invoke/MethodHandle;::invokeBasic
7fd28044b2c0 210 Ljava/lang/System;::arraycopy
7fd28044b6a0 a0 Ljava/util/zip/ZipUtils;::SH
7fd28044b9a0 60 Ljava/lang/String;::coder
7fd28044bc40 80 Ljava/util/zip/Inflater$InflaterZStreamRef;::address
7fd28044bfa0 60 Ljava/lang/String;::isLatin1
7fd28044c240 80 Ljava/security/ProtectionDomain;::getCodeSource
7fd28044c5c0 80 Ljava/net/URL;::getProtocol
7fd28044c940 80 Ljava/security/CodeSource;::getLocationNoFragString
7fd28044ccc0 200 Ljdk/internal/misc/Unsafe;::putObjectVolatile
7fd28044d0a0 c0 Ljava/lang/String;::charAt
7fd28044d440 80 Ljava/net/URL;::getFile
7fd28044d7c0 80 Ljava/security/CodeSource;::getLocation
7fd28044db40 80 Ljava/lang/NamedPackage;::module
7fd28044dec0 230 Ljava/util/zip/Inflater;::inflateBytesBytes
7fd28044e2c0 80 Ljava/util/jar/Attributes$Name;::hashCode
7fd28044e620 1a0 Ljava/lang/StringLatin1;::lastIndexOf
7fd28044eac0 80 Ljava/lang/Class;::getModule
7fd28044ee40 80 Ljava/util/ArrayList;::size
7fd28044f1c0 200 Ljava/io/RandomAccessFile;::readBytes
7fd28044f5a0 1c0 Ljava/lang/StringLatin1;::indexOf
7fd28044fac0 1d0 Ljava/io/RandomAccessFile;::seek0
7fd28044fec0 80 Ljava/lang/String;::value
7fd280450240 80 Ljava/nio/HeapByteBuffer;::isDirect
7fd2804505a0 160 Ljava/lang/StringLatin1;::equals
7fd2804509c0 80 Ljava/net/URL;::getHost
7fd280450d40 80 Ljava/net/URL;::getPath
7fd2804510c0 80 Ljava/util/zip/ZipEntry;::getSize
7fd280451440 80 Ljava/util/jar/Manifest;::getMainAttributes
7fd2804517c0 80 Ljava/net/URL;::getPort
7fd280451b40 80 Ljava/net/URLStreamHandler;::getDefaultPort
7fd280451ec0 80 Ljava/net/URL;::getAuthority
7fd280452240 80 Ljava/net/URL;::getQuery
7fd2804525c0 80 Ljava/net/URL;::getRef
7fd280452940 80 Ljdk/internal/loader/URLClassPath$Loader;::getBaseURL
7fd280452cc0 80 Ljava/util/jar/Manifest;::getEntries
7fd280453020 28 Ljava/lang/invoke/MethodHandle;::invokeBasic
7fd280453240 80 Ljava/lang/Enum;::ordinal
7fd2804535c0 1f0 Ljava/lang/Class;::isArray
7fd2804539a0 20 Ljava/lang/invoke/MethodHandle;::invokeBasic
7fd280453bc0 1f0 Ljava/lang/Class;::isPrimitive
7fd280453fa0 30 Ljava/lang/invoke/MethodHandle;::invokeBasic
7fd2804541a0 28 Ljava/lang/invoke/MethodHandle;::invokeBasic
7fd2804543a0 20 Ljava/lang/invoke/MethodHandle;::invokeBasic
7fd2804545a0 20 Ljava/lang/invoke/MethodHandle;::invokeBasic
7fd2804547c0 80 Ljava/lang/Class;::getClassLoader0
7fd280454b40 80 Ljava/lang/invoke/MethodType$ConcurrentWeakInternSet$WeakEntry;::hashCode
7fd280454ec0 80 Ljava/lang/invoke/MethodType;::returnType
7fd280455220 30 Ljava/lang/invoke/MethodHandle;::invokeBasic
7fd280455420 20 Ljava/lang/invoke/MethodHandle;::invokeBasic
7fd280455620 20 Ljava/lang/invoke/MethodHandle;::invokeBasic
7fd280455820 20 Ljava/lang/invoke/MethodHandle;::invokeBasic
7fd280455a20 30 Ljava/lang/invoke/MethodHandle;::invokeBasic
7fd280455c20 20 Ljava/lang/invoke/MethodHandle;::invokeBasic
7fd280455e40 80 Ljava/lang/invoke/MemberName;::getDeclaringClass
7fd2804561a0 20 Ljava/lang/invoke/MethodHandle;::invokeBasic
7fd2804563a0 20 Ljava/lang/invoke/MethodHandle;::invokeBasic
7fd2804565a0 20 Ljava/lang/invoke/MethodHandle;::invokeBasic
7fd2804567c0 80 Ljava/lang/invoke/MethodType;::form
7fd280456b20 30 Ljava/lang/invoke/MethodHandle;::invokeBasic
7fd280456d20 20 Ljava/lang/invoke/MethodHandle;::invokeBasic
7fd280456f20 20 Ljava/lang/invoke/MethodHandle;::invokeBasic
7fd280457140 80 Ljava/lang/invoke/MethodType;::ptypes
7fd2804574a0 20 Ljava/lang/invoke/MethodHandle;::invokeBasic
7fd2804576c0 80 Ljava/lang/invoke/MethodHandles$Lookup;::lookupClass
7fd280457a40 80 Ljava/lang/invoke/MethodHandle;::type
7fd280457da0 20 Ljava/lang/invoke/MethodHandle;::invokeBasic
7fd280457fc0 80 Ljava/lang/invoke/MethodTypeForm;::erasedType
7fd280458340 268 Ljava/lang/Object;::getClass
7fd2804587c0 80 Ljava/lang/invoke/MethodTypeForm;::basicType
7fd280458b40 208 Ljava/lang/Class;::isAssignableFrom
7fd280458f40 80 Lsun/invoke/util/Wrapper;::basicTypeChar
7fd2804592c0 1f0 Ljava/lang/Class;::isInterface
7fd2804596c0 400 Ljdk/internal/org/objectweb/asm/ByteVector;::putUTF8
7fd280459f20 40 Ljava/lang/Math;::min
7fd28045a1c0 268 Ljava/lang/String;::intern
7fd28045a640 268 Ljava/lang/Object;::clone
7fd28045aaa0 220 Ljava/lang/String;::hashCode
7fd28045afc0 200 Ljdk/internal/reflect/Reflection;::getClassAccessFlags
7fd28045b3c0 a0 Ljava/lang/invoke/MethodType;::parameterCount
7fd28045b740 80 Ljava/lang/System;::getSecurityManager
7fd28045bac0 a0 Ljava/lang/Object;::<init>
7fd28045be40 c0 Ljava/lang/invoke/MethodType;::parameterType
7fd28045c1c0 160 Ljdk/internal/org/objectweb/asm/ByteVector;::putShort
7fd28045c620 1e0 Ljava/lang/String;::equals
7fd28045caa0 20 Ljava/lang/invoke/MethodHandle;::invokeBasic
7fd28045cca0 20 Ljava/lang/invoke/MethodHandle;::invokeBasic
7fd28045cec0 270 Ljava/lang/Thread;::currentThread
7fd28045d320 20 Ljava/lang/invoke/MethodHandle;::invokeBasic
7fd28045d540 80 Lno/sintef/jasm/ext/Event;::getType
7fd28045d8c0 80 Lno/sintef/jasm/ext/EventType;::getCode
7fd28045dc40 208 Ljava/lang/Class;::isInstance
7fd28045e040 80 Ljava/util/concurrent/locks/AbstractQueuedSynchronizer;::getState
7fd28045e3c0 e0 Ljava/util/concurrent/locks/AbstractOwnableSynchronizer;::setExclusiveOwnerThread
7fd28045e740 80 Ljava/util/concurrent/locks/AbstractOwnableSynchronizer;::getExclusiveOwnerThread
7fd28045eac0 210 Ljdk/internal/misc/Unsafe;::compareAndSetInt
7fd28045eec0 80 Ljava/util/concurrent/atomic/AtomicLong;::get
7fd28045f240 80 Ljava/util/concurrent/locks/AbstractQueuedSynchronizer;::setState
7fd28045f5c0 80 Ljava/util/concurrent/atomic/AtomicInteger;::get
7fd28045f920 40 Ljava/util/Objects;::requireNonNull
7fd28045fba0 30 Ljava/lang/invoke/MethodHandle;::invokeBasic
7fd28045fdc0 2e0 Lno/sintef/jasm/Handler$$Lambda$10/1121454968;::check
7fd280460540 80 Lorg/thingml/generated/BreakoutGameJava;::getBreakoutGame_SCALE_var
7fd2804608c0 2e0 Lno/sintef/jasm/Handler;::lambda$new$1
7fd280460fa0 260 Lno/sintef/jasm/ext/EventType;::equals
7fd280461540 200 Ljdk/internal/misc/Unsafe;::getIntVolatile
7fd280461940 1f0 Ljava/lang/Thread;::isInterrupted
7fd280461d60 840 Lno/sintef/jasm/AtomicState;::handle
7fd280462c60 7c0 Lno/sintef/jasm/AtomicState;::handle
7fd278f0e1c0 c0 Ljava/lang/Object;::<init>
7fd278f0e540 180 Ljava/lang/StringLatin1;::hashCode
7fd278f0ea40 140 Ljava/lang/String;::isLatin1
7fd278f0ee40 100 Ljava/lang/String;::coder
7fd278f0f280 2a0 Ljava/lang/String;::hashCode
7fd278f0f8c0 1c0 Ljava/lang/Math;::floorMod
7fd278f0fdc0 160 Ljava/lang/Math;::floorDiv
7fd278f102a0 560 Ljava/util/ImmutableCollections$SetN;::probe
7fd278f10ce0 220 Ljava/lang/StringLatin1;::equals
7fd278f112a0 620 Ljava/lang/String;::equals
7fd278f11ce0 2a0 Ljava/util/ImmutableCollections$SetN;::hashCode
7fd278f12340 c0 Ljava/util/Collections;::emptySet
7fd278f12700 2a0 Ljava/lang/module/ModuleDescriptor$Exports;::hashCode
7fd278f12d40 120 Ljava/util/AbstractCollection;::<init>
7fd278f13160 1e0 Ljava/util/ImmutableCollections$AbstractImmutableSet;::<init>
7fd278f136e0 1a0 Ljava/util/Objects;::requireNonNull
7fd278f13c40 7a0 Ljava/util/Set;::of
7fd278f14960 2c0 Ljava/util/concurrent/ConcurrentHashMap;::tabAt
7fd278f14f40 140 Ljdk/internal/misc/Unsafe;::getObjectAcquire
7fd278f15340 120 Ljava/util/ImmutableCollections$SetN$SetNIterator;::hasNext
7fd278f15740 140 Ljava/util/ImmutableCollections$SetN$SetNIterator;::nextIndex
7fd278f15c00 340 Ljava/util/ImmutableCollections$SetN$SetNIterator;::next
7fd278f163a0 580 Ljava/util/ImmutableCollections$MapN;::probe
7fd278f16de0 240 Ljava/util/Objects;::equals
7fd278f17380 4a0 Ljava/util/KeyValueHolder;::<init>
7fd278f17c60 1c0 Ljava/util/HashMap;::hash
7fd278f18320 21c0 Ljava/util/concurrent/ConcurrentHashMap;::putVal
7fd278f1b2e0 8e0 Ljava/util/concurrent/ConcurrentHashMap;::addCount
7fd278f1c140 200 Ljava/util/concurrent/ConcurrentHashMap$Node;::<init>
7fd278f1c640 c0 Ljava/util/concurrent/ConcurrentHashMap;::spread
7fd278f1c9c0 140 Ljava/util/concurrent/ConcurrentHashMap;::casTabAt
7fd278f1cdc0 e0 Ljava/util/concurrent/ConcurrentHashMap;::putIfAbsent
7fd278f1d2e0 11a0 Ljava/util/HashMap;::putVal
7fd278f1ecc0 960 Ljava/util/HashMap;::getNode
7fd278f1fae0 260 Ljava/util/HashMap$Node;::<init>
7fd278f20060 320 Ljava/util/HashMap;::newNode
7fd278f206c0 c0 Ljava/util/HashMap;::afterNodeInsertion
7fd278f20a80 2e0 Ljava/util/HashMap;::get
7fd278f21140 120 Ljava/util/ImmutableCollections$Set12$1;::hasNext
7fd278f21560 2a0 Ljava/util/HashMap;::put
7fd278f21bc0 140 Ljava/lang/module/ResolvedModule;::name
7fd278f22060 2e0 Ljdk/internal/module/ModuleBootstrap$2;::hasNext
7fd278f22720 4c0 Ljdk/internal/module/ModuleBootstrap$2;::next
7fd278f23060 2a0 Ljava/util/HashMap;::putIfAbsent
7fd278f23700 320 Ljava/util/ImmutableCollections$MapN;::get
7fd278f23dc0 140 Ljava/util/ImmutableCollections$Set12;::size
7fd278f24200 360 Ljava/lang/String;::charAt
7fd278f24960 1a0 Ljava/lang/StringLatin1;::charAt
7fd278f24e40 160 Ljava/lang/String;::length
7fd278f252e0 380 Ljava/lang/StringLatin1;::indexOf
7fd278f259c0 100 Ljava/util/zip/ZipUtils;::SH
7fd278f25e40 1a0 Ljava/util/zip/ZipFile$Source;::hashN
7fd278f26380 2a0 Ljava/lang/String;::hashCode
7fd278f269c0 100 Ljava/lang/Math;::min
7fd278f26de0 220 Ljava/util/zip/ZipUtils;::LG
7fd278f273c0 160 Ljava/util/zip/ZipUtils;::CENHOW
7fd278f278c0 120 Ljava/util/AbstractMap;::<init>
7fd278f27d00 420 Ljava/lang/AbstractStringBuilder;::ensureCapacityInternal
7fd278f28560 220 Ljava/lang/String;::indexOf
7fd278f28ae0 380 Ljava/lang/StringLatin1;::lastIndexOf
7fd278f29240 100 Ljava/lang/StringLatin1;::canEncode
7fd278f29640 180 Ljava/lang/String;::<init>
7fd278f29b20 700 Ljava/lang/CharacterData;::of
7fd278f2a720 a80 Ljava/util/Arrays;::copyOfRange
7fd278f2b8c0 100 Ljava/lang/CharacterDataLatin1;::getProperties
7fd278f2bcc0 160 Ljava/util/zip/ZipUtils;::CENNAM
7fd278f2c280 cc0 Ljava/util/concurrent/ConcurrentHashMap;::get
7fd278f2d580 2a0 Ljava/lang/AbstractStringBuilder;::putStringAt
7fd278f2dbc0 100 Ljava/lang/AbstractStringBuilder;::getCoder
7fd278f2e000 2c0 Ljava/lang/String;::getBytes
7fd278f2e6c0 100 Ljava/lang/StringBuilder;::append
7fd278f2eb40 4c0 Ljava/lang/AbstractStringBuilder;::append
7fd278f2f4e0 280 Ljava/lang/StringLatin1;::newString
7fd278f2fae0 220 Ljava/lang/String;::lastIndexOf
7fd278f30060 2a0 Ljava/util/Arrays;::copyOf
7fd278f306c0 c0 Ljava/lang/System;::getSecurityManager
7fd278f30a80 380 Ljava/lang/String;::lastIndexOf
7fd278f31260 1a0 Ljava/util/Objects;::requireNonNull
7fd278f31760 180 Ljava/lang/Character;::toLowerCase
7fd278f31c60 200 Ljava/lang/CharacterDataLatin1;::toLowerCase
7fd278f321c0 160 Ljava/util/zip/ZipUtils;::CENEXT
7fd278f326c0 160 Ljava/util/zip/ZipUtils;::CENCOM
7fd278f32bc0 160 Ljava/util/zip/ZipUtils;::CENFLG
7fd278f33140 620 Ljava/lang/String;::substring
7fd278f33d60 a40 Ljava/lang/String;::checkBoundsBeginEnd
7fd278f34f00 280 Ljava/lang/String;::indexOf
7fd278f35540 140 Ljava/lang/AbstractStringBuilder;::isLatin1
7fd278f35980 440 Ljava/lang/StringBuilder;::toString
7fd278f361e0 260 Ljava/lang/AbstractStringBuilder;::<init>
7fd278f36760 1e0 Ljava/lang/AbstractStringBuilder;::newCapacity
7fd278f36cc0 e0 Ljava/lang/StringBuilder;::<init>
7fd278f370c0 120 Ljdk/internal/misc/Unsafe;::putObjectRelease
7fd278f374c0 280 Ljava/util/concurrent/ConcurrentHashMap;::setTabAt
7fd278f37b00 c40 Ljava/lang/StringLatin1;::replace
7fd278f38ee0 7c0 Ljava/lang/ClassLoader;::checkName
7fd278f39c60 300 Ljava/lang/ref/ReferenceQueue;::poll
7fd278f3a2e0 200 Ljava/lang/Character;::toLowerCase
7fd278f3a860 200 Ljava/lang/Character;::toUpperCase
7fd278f3ade0 180 Ljava/lang/Character;::toUpperCase
7fd278f3b2e0 240 Ljava/lang/ref/Reference;::<init>
7fd278f3b8e0 9c0 Ljava/lang/String;::startsWith
7fd278f3c840 100 Ljava/util/WeakHashMap;::maskNull
7fd278f3cc60 1a0 Ljava/util/WeakHashMap;::hash
7fd278f3d280 1200 Ljava/util/zip/Inflater;::inflate
7fd278f3f1c0 100 Ljava/lang/String;::startsWith
7fd278f3f760 10c0 Ljava/util/jar/JarFile;::maybeInstantiateVerifier
7fd278f411e0 260 Ljava/lang/CharacterDataLatin1;::toUpperCase
7fd278f418a0 b60 Ljava/lang/String;::concat
7fd278f42b60 1e0 Ljava/lang/StringCoding;::hasNegatives
7fd278f431a0 d80 Ljava/util/zip/ZipFile$Source;::getEntryPos
7fd278f448c0 7a0 Lsun/net/www/ParseUtil;::firstEncodeIndex
7fd278f455e0 200 Ljava/util/zip/Inflater;::ensureOpen
7fd278f45b60 280 Ljdk/internal/ref/CleanerImpl;::getCleanerImpl
7fd278f46160 240 Ljava/lang/ref/Cleaner$1;::apply
7fd278f466c0 e0 Ljava/lang/ref/Cleaner$1;::apply
7fd278f46ac0 e0 Ljava/io/RandomAccessFile;::read
7fd278f46f00 4a0 Ljava/lang/StringLatin1;::indexOf
7fd278f47860 1a0 Ljava/io/RandomAccessFile;::seek
7fd278f47d40 100 Ljava/util/WeakHashMap;::getTable
7fd278f481c0 bc0 Ljava/util/WeakHashMap;::expungeStaleEntries
7fd278f494c0 c0 Ljava/util/WeakHashMap;::indexFor
7fd278f49840 120 Ljava/io/InputStream;::<init>
7fd278f49c60 2a0 Ljava/util/zip/ZipUtils;::CENLEN
7fd278f4a2c0 180 Ljdk/internal/misc/VM;::isModuleSystemInited
7fd278f4a740 120 Ljava/lang/invoke/MemberName;::testFlags
7fd278f4ab40 100 Ljava/lang/StringBuilder;::append
7fd278f4afa0 4a0 Ljava/lang/AbstractStringBuilder;::append
7fd278f4b840 a0 Ljava/lang/ref/Reference;::reachabilityFence
7fd278f4bbe0 1c0 Ljdk/internal/org/objectweb/asm/ByteVector;::putShort
7fd278f4c1c0 660 Ljdk/internal/org/objectweb/asm/Item;::set
7fd278f4cd60 240 Ljava/lang/invoke/MemberName;::isInvocable
7fd278f4d380 8e0 Ljdk/internal/org/objectweb/asm/ByteVector;::putUTF8
7fd278f4e360 2a0 Ljdk/internal/org/objectweb/asm/ClassWriter;::get
7fd278f4ea00 360 Ljava/lang/invoke/MethodType;::checkPtype
7fd278f4f1a0 300 Ljdk/internal/org/objectweb/asm/ClassWriter;::newUTF8
7fd278f4f960 140 Ljava/lang/Class;::getName
7fd278f4fe00 560 Ljava/lang/invoke/MethodType$ConcurrentWeakInternSet;::expungeStaleElements
7fd278f507e0 280 Ljava/lang/ref/Reference;::<init>
7fd278f50dc0 100 Ljava/lang/invoke/MethodType;::parameterType
7fd278f511c0 e0 Ljava/lang/invoke/MethodType;::parameterCount
7fd278f515e0 280 Ljdk/internal/org/objectweb/asm/Item;::<init>
7fd278f51c40 8c0 Ljdk/internal/org/objectweb/asm/ClassWriter;::put
7fd278f52a60 1a0 Ljdk/internal/org/objectweb/asm/ByteVector;::putByte
7fd278f53080 840 Ljava/lang/invoke/MethodType;::checkSlotCount
7fd278f53fe0 de0 Ljava/lang/invoke/MethodType;::makeImpl
7fd278f55560 340 Ljava/lang/invoke/MethodType;::hashCode
7fd278f55d80 a60 Ljdk/internal/org/objectweb/asm/Item;::isEqualTo
7fd278f56e80 2a0 Ljava/lang/String;::replace
7fd278f57580 ca0 Ljava/lang/invoke/MethodType$ConcurrentWeakInternSet;::get
7fd278f588e0 1e0 Ljdk/internal/org/objectweb/asm/ByteVector;::put12
7fd278f58fa0 a60 Ljava/lang/invoke/MethodTypeForm;::canonicalize
7fd278f59f40 180 Ljava/lang/invoke/MemberName;::testAllFlags
7fd278f5a500 15e0 Ljava/lang/invoke/MemberName;::getMethodType
7fd278f5c4a0 11c0 Ljdk/internal/org/objectweb/asm/Type;::getArgumentsAndReturnSizes
7fd278f5df40 100 Ljava/lang/reflect/Modifier;::isStatic
7fd278f5e380 520 Ljava/util/Arrays;::equals
7fd278f5ed00 660 Ljava/lang/invoke/MethodType$ConcurrentWeakInternSet$WeakEntry;::equals
7fd278f5f6e0 1a0 Ljava/lang/invoke/MethodType;::equals
7fd278f5fbe0 100 Ljdk/internal/org/objectweb/asm/ClassWriter;::newClass
7fd278f60240 1a20 Lsun/invoke/util/VerifyAccess;::isTypeVisible
7fd278f627c0 e0 Ljava/lang/invoke/MemberName;::getReferenceKind
7fd278f62bc0 8c0 Ljava/lang/Class;::getClassLoader
7fd278f639c0 120 Ljava/lang/Object;::equals
7fd278f63de0 200 Ljdk/internal/org/objectweb/asm/ByteVector;::putInt
7fd278f64480 960 Ljdk/internal/org/objectweb/asm/MethodWriter;::visitVarInsn
7fd278f653e0 140 Ljdk/internal/org/objectweb/asm/ClassWriter;::put122
7fd278f65900 4c0 Ljava/lang/invoke/MethodType;::equals
7fd278f66140 240 Ljdk/internal/org/objectweb/asm/ByteVector;::<init>
7fd278f666e0 280 Ljdk/internal/org/objectweb/asm/ByteVector;::putByteArray
7fd278f66cc0 120 Ljava/lang/invoke/MemberName;::isResolved
7fd278f670e0 1a0 Ljava/lang/invoke/MethodType;::toMethodDescriptorString
7fd278f675c0 140 Ljava/lang/invoke/MethodHandles$Lookup;::lookupClassOrNull
7fd278f67a20 2e0 Ljdk/internal/org/objectweb/asm/ClassWriter;::newStringishItem
7fd278f68140 180 Ljava/lang/invoke/MemberName;::isStatic
7fd278f685c0 180 Ljava/lang/invoke/MemberName;::initResolved
7fd278f68a40 100 Ljava/lang/reflect/Modifier;::isProtected
7fd278f68e40 120 Ljava/lang/invoke/MethodHandleNatives;::refKindIsField
7fd278f69240 120 Ljdk/internal/org/objectweb/asm/Item;::<init>
7fd278f69660 340 Ljava/lang/invoke/MemberName;::getName
7fd278f69cc0 100 Ljava/lang/Math;::max
7fd278f6a100 5e0 Ljava/lang/invoke/BootstrapMethodInvoker;::maybeReBox
7fd278f6ab60 200 Ljava/lang/invoke/MemberName;::isConstructor
7fd278f6b0e0 100 Ljdk/internal/org/objectweb/asm/ClassWriter;::newNameType
7fd278f6b5c0 3a0 Ljdk/internal/org/objectweb/asm/ClassWriter;::newNameTypeItem
7fd278f6c080 11c0 Ljava/lang/invoke/MemberName;::getMethodOrFieldType
7fd278f6dca0 940 Ljava/lang/invoke/MethodType;::checkPtypes
7fd278f6ece0 2e0 Ljdk/internal/org/objectweb/asm/ByteVector;::enlarge
7fd278f6f380 3a0 Ljdk/internal/org/objectweb/asm/MethodWriter;::visitInsn
7fd278f6fd40 1460 Lsun/invoke/util/VerifyAccess;::isClassAccessible
7fd278f71c40 1a0 Ljava/lang/ref/SoftReference;::get
7fd278f72100 1c0 Lsun/invoke/util/VerifyAccess;::getClassModifiers
7fd278f72680 480 Ljdk/internal/org/objectweb/asm/Label;::resolve
7fd278f72fe0 200 Ljava/lang/invoke/MemberName;::isCallerSensitive
7fd278f73560 1a0 Ljdk/internal/org/objectweb/asm/ClassWriter;::visitMethod
7fd278f73aa0 500 Ljava/lang/ref/Cleaner;::register
7fd278f74460 2c0 Ljdk/internal/org/objectweb/asm/MethodVisitor;::<init>
7fd278f74ae0 160 Ljdk/internal/ref/CleanerImpl$PhantomCleanableRef;::<init>
7fd278f74f40 140 Ljava/lang/String;::isEmpty
7fd278f753c0 120 Ljava/lang/invoke/LambdaForm;::forceInterpretation
7fd278f75840 860 Ljava/lang/invoke/MemberName;::getInvocationType
7fd278f76640 700 Ljava/lang/invoke/MemberName$Factory;::resolveOrFail
7fd278f77260 1c0 Ljava/lang/invoke/MethodType;::parameterSlotCount
7fd278f77740 140 Ljava/lang/invoke/MethodTypeForm;::parameterSlotCount
7fd278f77be0 2c0 Ljava/lang/invoke/LambdaForm;::uncustomize
7fd278f78240 100 Ljava/lang/reflect/Modifier;::isFinal
7fd278f78680 3a0 Ljava/lang/invoke/MethodHandles$Lookup;::isClassAccessible
7fd278f78e00 540 Lno/sintef/jasm/ext/EventType;::equals
7fd278f796c0 100 Lno/sintef/jasm/Handler$$Lambda$10/1121454968;::check
7fd278f79ae0 260 Ljava/lang/Class;::cast
7fd278f7a100 6a0 Lno/sintef/jasm/Handler;::lambda$new$1
7fd278f7abe0 200 Ljava/lang/invoke/VarForm;::getMemberName
7fd278f7b140 e0 Ljava/util/concurrent/atomic/AtomicLong;::compareAndSet
7fd278f7b580 4a0 Lno/sintef/jasm/AtomicState;::handle
7fd278f7bf00 e0 Ljava/lang/StrictMath;::floor
7fd278f7c2e0 420 Ljava/lang/StrictMath;::floorOrCeil
7fd278f7ca60 280 Ljava/util/Random;::next
7fd278f7d100 120 Ljava/lang/Math;::floor
7fd278f7d540 e0 Ljava/lang/Math;::getExponent
7fd278f7d940 120 Ljava/util/concurrent/atomic/AtomicBoolean;::get
7fd278f7dda0 460 Ljava/lang/invoke/VarHandleInts$FieldInstanceReadWrite;::compareAndSet
7fd278f7e7c0 f80 Ljava/lang/invoke/VarHandleGuards;::guard_LII_Z
7fd278f7ff80 1c0 Ljava/lang/Math;::random
7fd278f804c0 e0 Ljava/util/concurrent/locks/ReentrantLock$NonfairSync;::tryAcquire
7fd278f809a0 ac0 Ljava/util/concurrent/locks/ReentrantLock$Sync;::nonfairTryAcquire
7fd278f81a80 160 Ljava/util/Random;::nextDouble
7fd278f82020 440 Lorg/thingml/generated/BreakoutGameJava;::rnd
7fd278f82920 580 Ljava/util/concurrent/locks/AbstractQueuedSynchronizer;::compareAndSetState
7fd278f833a0 3e0 Ljava/util/concurrent/locks/ReentrantLock;::lock
7fd278f83c00 380 Ljava/util/concurrent/locks/ReentrantLock$Sync;::tryRelease
7fd278f842e0 280 Ljava/util/concurrent/locks/AbstractQueuedSynchronizer;::release
7fd278f848e0 2e0 Ljava/util/concurrent/locks/ReentrantLock;::unlock
7fd278f84f40 160 Ljava/util/concurrent/locks/ReentrantLock$Sync;::isHeldExclusively
7fd278f85400 380 Ljava/util/concurrent/locks/AbstractQueuedSynchronizer;::acquire
7fd278f85b40 180 Lno/sintef/jasm/ext/Event;::<init>
7fd278f85fe0 220 Ljdk/internal/misc/Unsafe;::getAndAddInt
7fd278f86540 e0 Ljdk/internal/misc/Unsafe;::weakCompareAndSetInt
7fd278f86b20 15e0 Ljava/util/concurrent/LinkedBlockingQueue;::take
7fd278f88f80 4e0 Lno/sintef/jasm/CompositeState;::handle
7fd278f89960 200 Lno/sintef/jasm/Region;::handle
7fd278f89f00 2e0 Ljava/util/concurrent/locks/AbstractQueuedSynchronizer$ConditionObject;::signal
7fd278f8a5c0 180 Ljava/util/concurrent/LinkedBlockingQueue$Node;::<init>
7fd278f8aa40 e0 Ljava/util/concurrent/atomic/AtomicInteger;::getAndIncrement
7fd278f8ae80 480 Lno/sintef/jasm/Port;::send
7fd278f8b7c0 120 Lno/sintef/jasm/ext/Event;::setPort
7fd278f8bc80 d00 Lno/sintef/jasm/Component;::receive
7fd278f8d340 18c0 Ljava/util/concurrent/LinkedBlockingQueue;::offer
7fd278f8fa40 1a0 Ljava/util/concurrent/LinkedBlockingQueue;::enqueue
7fd278f8fee0 360 Lno/sintef/jasm/Port;::equals
